---
source: crates/floe-core/tests/snapshot_codegen.rs
expression: output
---
interface Repo {
  findById(id: number): string;
}
import { Repo } from "./repo";

import { type DrizzleRepo, DrizzleRepo__make } from "./impl";

function doWork<R extends Repo>(repo: R, id: number): string {
  return repo.findById(id);
}

export function run(): string {
  const repo = DrizzleRepo__make({ db: "x" });
  return doWork(repo, 1);
}
